// Jest Snapshot v1, https://goo.gl/fbAQLP

exports[`should load and track events to a custom destination (no validation) 1`] = `
Array [
  Array [
    "CustomPlugin: ",
    "identify() userId='undefined' properties={\\"userProp\\":1}",
  ],
  Array [
    "CustomPlugin: ",
    "alias() userId='test-user-id' previousId='undefined'",
  ],
  Array [
    "CustomPlugin: ",
    "group() userId='undefined' groupId='a-group-id' properties={\\"aGroupProp\\":\\"test value\\"}",
  ],
  Array [
    "CustomPlugin: ",
    "track() userId='undefined' event='Event No Properties' properties={}",
  ],
  Array [
    "CustomPlugin: ",
    "track() userId='undefined' event='Event With All Properties' properties={\\"requiredString\\":\\"A required string\\",\\"requiredNumber\\":2,\\"requiredInteger\\":42,\\"requiredEnum\\":\\"Enum1\\",\\"requiredBoolean\\":false,\\"requiredConst\\":\\"some-const-value\\",\\"requiredArray\\":[\\"required\\",\\"array\\"],\\"optionalString\\":\\"I'm optional!\\"}",
  ],
  Array [
    "CustomPlugin: ",
    "track() userId='undefined' event='EventMaxIntForTest' properties={\\"intMax10\\":20}",
  ],
  Array [
    "CustomPlugin.id()",
    "custom",
  ],
]
`;
