// Jest Snapshot v1, https://goo.gl/fbAQLP

exports[`should load and track events to a custom destination (no validation) 1`] = `
Array [
  Array [
    "CustomPlugin: ",
    "load() environment='production' disabled=undefined plugins=[custom] context={\\"requiredString\\":\\"A required string\\",\\"optionalEnum\\":\\"Value 1\\"} validation=undefined",
  ],
  Array [
    "CustomPlugin: ",
    "identify() userId='undefined' properties={\\"userProp\\":1}",
  ],
  Array [
    "CustomPlugin: ",
    "alias() userId='test-user-id' previousId='undefined'",
  ],
  Array [
    "CustomPlugin: ",
    "group() userId='undefined' groupId='a-group-id' properties={\\"groupProp\\":\\"test value\\"}",
  ],
  Array [
    "CustomPlugin: ",
    "page() userId='undefined' category='page category' name='page name' properties={\\"pageProp\\":\\"a page property\\"}",
  ],
  Array [
    "CustomPlugin: ",
    "track() userId='undefined' event='Event No Properties' properties={\\"requiredString\\":\\"A required string\\",\\"optionalEnum\\":\\"Value 1\\"}",
  ],
  Array [
    "CustomPlugin: ",
    "track() userId='undefined' event='Event With All Properties' properties={\\"requiredString\\":\\"A required string\\",\\"optionalEnum\\":\\"Value 1\\",\\"requiredNumber\\":2,\\"requiredInteger\\":42,\\"requiredEnum\\":\\"Enum1\\",\\"requiredBoolean\\":false,\\"requiredConst\\":\\"some-const-value\\",\\"requiredArray\\":[\\"required\\",\\"array\\"],\\"optionalString\\":\\"I'm optional!\\"}",
  ],
  Array [
    "CustomPlugin: ",
    "track() userId='undefined' event='EventMaxIntForTest' properties={\\"requiredString\\":\\"A required string\\",\\"optionalEnum\\":\\"Value 1\\",\\"intMax10\\":20}",
  ],
  Array [
    "CustomPlugin.id()",
    "custom",
  ],
]
`;
