// Jest Snapshot v1, https://goo.gl/fbAQLP

exports[`AmplitudePlugin dummy test 1`] = `
Array [
  Array [
    "init()",
    "[\\"an-amplitude-api-key\\",null,null]",
  ],
  Array [
    "Caught expected error. Itly is not yet initialized. Have you called \`itly.load()\` on app start?",
  ],
  Array [
    "logEvent()",
    "[\\"Event No Properties\\",null]",
  ],
  Array [
    "logEvent()",
    "[\\"Event With All Properties\\",{\\"requiredString\\":\\"A required string\\",\\"requiredNumber\\":2,\\"requiredInteger\\":42,\\"requiredEnum\\":\\"Enum1\\",\\"requiredBoolean\\":false,\\"requiredConst\\":\\"some-const-value\\",\\"requiredArray\\":[\\"required\\",\\"array\\"],\\"optionalString\\":\\"I'm optional!\\"}]",
  ],
  Array [
    "logEvent()",
    "[\\"EventMaxIntForTest\\",{\\"intMax10\\":20}]",
  ],
  Array [
    "AmplitudePlugin.id()",
    "amplitude",
  ],
  Array [
    "setUserId()",
    "[null]",
  ],
  Array [
    "regenerateDeviceId()",
    "[]",
  ],
]
`;
